// Jest Snapshot v1, https://goo.gl/fbAQLP

exports[`Renders correctly 1`] = `
<div>
  <h1
    className="games-title"
  >
    Games
  </h1>
  <ul
    className="games-list"
  >
    <li
      className="game"
    >
      <img
        alt=""
        className="game-img"
        src="cover-small-uri"
      />
      <Link-mock
        as="/game/game-1"
        href="/game?id=game-1"
      >
        <a
          className="game-title"
        >
          international-name
        </a>
      </Link-mock>
    </li>
    <li
      className="game"
    >
      <img
        alt=""
        className="game-img"
        src="cover-small-uri-2"
      />
      <Link-mock
        as="/game/game-2"
        href="/game?id=game-2"
      >
        <a
          className="game-title"
        >
          international-name-2
        </a>
      </Link-mock>
    </li>
  </ul>
</div>
`;
