// Jest Snapshot v1, https://goo.gl/fbAQLP

exports[`Renders correctly 1`] = `
<GameDetail-mock
  dispatch={[Function]}
  selectedGame={
    Object {
      "firstRun": Object {
        "firstPlayerName": "player-name",
        "timePlayed": 23,
        "videoUrl": "link-uri",
      },
      "id": "game-1",
      "logoUrl": "cover-small-uri",
      "name": "international-name",
    }
  }
/>
`;
