// Jest Snapshot v1, https://goo.gl/fbAQLP

exports[`Renders correctly 1`] = `
<GamesList-mock
  dispatch={[Function]}
  games={
    Array [
      Object {
        "assets": Object {
          "cover-small": Object {
            "uri": "cover-small-uri",
          },
        },
        "id": "game-1",
        "links": Array [
          Object {
            "rel": "self",
            "uri": "lin-uri-self",
          },
          Object {
            "rel": "runs",
            "uri": "link-uri-runs",
          },
        ],
        "names": Object {
          "international": "international-name",
        },
      },
    ]
  }
/>
`;
